2025-08-06 13:06:47,412 - Model: falcon7b; Classifier: KNN; Parameters: {'n_neighbors': 5}
2025-08-06 13:23:32,220 - Language: Accuracy -> 0.9084
2025-08-06 13:34:49,370 - Task: Accuracy -> 0.6096
2025-08-06 13:35:15,176 - Final Accuracy -> Language: 0.9084, Task: 0.6096, Desc: 0.0545
2025-08-06 13:36:20,978 - Model: falcon11b; Classifier: KNN; Parameters: {'n_neighbors': 5}
2025-08-06 13:46:16,770 - Language: Accuracy -> 0.9211
2025-08-06 13:55:52,765 - Task: Accuracy -> 0.6458
2025-08-06 13:56:13,373 - Final Accuracy -> Language: 0.9211, Task: 0.6458, Desc: 0.1273
2025-08-06 13:57:46,144 - Model: llama7b; Classifier: KNN; Parameters: {'n_neighbors': 5}
2025-08-06 14:07:59,212 - Language: Accuracy -> 0.9221
2025-08-06 14:17:34,700 - Task: Accuracy -> 0.6519
2025-08-06 14:17:59,178 - Final Accuracy -> Language: 0.9221, Task: 0.6519, Desc: 0.0909
2025-08-06 14:18:11,042 - Model: llama8b; Classifier: KNN; Parameters: {'n_neighbors': 5}
2025-08-06 14:29:00,042 - Language: Accuracy -> 0.9375
2025-08-06 14:39:01,920 - Task: Accuracy -> 0.6721
2025-08-06 14:39:24,225 - Final Accuracy -> Language: 0.9375, Task: 0.6721, Desc: 0.2000
2025-08-06 14:39:37,152 - Model: llama13b; Classifier: KNN; Parameters: {'n_neighbors': 5}
2025-08-06 14:54:45,320 - Language: Accuracy -> 0.9298
2025-08-06 15:07:21,766 - Task: Accuracy -> 0.6601
2025-08-06 15:07:51,869 - Final Accuracy -> Language: 0.9298, Task: 0.6601, Desc: 0.0545
2025-08-06 15:08:00,463 - Model: embedding_small; Classifier: KNN; Parameters: {'n_neighbors': 5}
2025-08-06 15:08:25,140 - Language: Accuracy -> 0.8980
2025-08-06 15:08:51,994 - Task: Accuracy -> 0.7412
2025-08-06 15:08:53,169 - Final Accuracy -> Language: 0.8980, Task: 0.7412, Desc: 0.9636
2025-08-06 15:09:10,351 - Model: code7b; Classifier: KNN; Parameters: {'n_neighbors': 5}
2025-08-06 15:19:20,871 - Language: Accuracy -> 0.9359
2025-08-06 15:29:05,700 - Task: Accuracy -> 0.6617
2025-08-06 15:29:28,126 - Final Accuracy -> Language: 0.9359, Task: 0.6617, Desc: 0.0364
2025-08-06 15:29:43,109 - Model: code13b; Classifier: KNN; Parameters: {'n_neighbors': 5}
2025-08-06 15:43:35,981 - Language: Accuracy -> 0.9315
2025-08-06 15:57:26,970 - Task: Accuracy -> 0.6557
2025-08-06 15:57:55,542 - Final Accuracy -> Language: 0.9315, Task: 0.6557, Desc: 0.0364
2025-08-06 15:58:32,670 - Model: falcon7b; Classifier: KNN; Parameters: {'n_neighbors': 10}
2025-08-06 16:10:43,599 - Language: Accuracy -> 0.8810
2025-08-06 16:21:49,103 - Task: Accuracy -> 0.5373
2025-08-06 16:22:13,079 - Final Accuracy -> Language: 0.8810, Task: 0.5373, Desc: 0.0364
2025-08-06 16:23:39,095 - Model: falcon11b; Classifier: KNN; Parameters: {'n_neighbors': 10}
2025-08-06 16:34:25,602 - Language: Accuracy -> 0.9002
2025-08-06 16:44:07,824 - Task: Accuracy -> 0.5861
2025-08-06 16:44:31,161 - Final Accuracy -> Language: 0.9002, Task: 0.5861, Desc: 0.1636
2025-08-06 16:46:21,274 - Model: llama7b; Classifier: KNN; Parameters: {'n_neighbors': 10}
2025-08-06 16:56:31,914 - Language: Accuracy -> 0.9090
2025-08-06 17:06:14,494 - Task: Accuracy -> 0.5779
2025-08-06 17:06:35,743 - Final Accuracy -> Language: 0.9090, Task: 0.5779, Desc: 0.0909
2025-08-06 17:06:48,591 - Model: llama8b; Classifier: KNN; Parameters: {'n_neighbors': 10}
2025-08-06 17:17:34,903 - Language: Accuracy -> 0.9260
2025-08-06 17:27:37,735 - Task: Accuracy -> 0.6212
2025-08-06 17:27:59,433 - Final Accuracy -> Language: 0.9260, Task: 0.6212, Desc: 0.3273
2025-08-06 17:28:14,526 - Model: llama13b; Classifier: KNN; Parameters: {'n_neighbors': 10}
2025-08-06 17:45:38,876 - Language: Accuracy -> 0.9117
2025-08-06 18:01:41,155 - Task: Accuracy -> 0.5987
2025-08-06 18:02:14,962 - Final Accuracy -> Language: 0.9117, Task: 0.5987, Desc: 0.0909
2025-08-06 18:02:24,710 - Model: embedding_small; Classifier: KNN; Parameters: {'n_neighbors': 10}
2025-08-06 18:02:53,532 - Language: Accuracy -> 0.8651
2025-08-06 18:03:17,246 - Task: Accuracy -> 0.6919
2025-08-06 18:03:18,672 - Final Accuracy -> Language: 0.8651, Task: 0.6919, Desc: 0.9455
2025-08-06 18:03:36,421 - Model: code7b; Classifier: KNN; Parameters: {'n_neighbors': 10}
2025-08-06 18:14:12,907 - Language: Accuracy -> 0.9183
2025-08-06 18:23:57,226 - Task: Accuracy -> 0.5894
2025-08-06 18:24:20,708 - Final Accuracy -> Language: 0.9183, Task: 0.5894, Desc: 0.0364
2025-08-06 18:24:36,580 - Model: code13b; Classifier: KNN; Parameters: {'n_neighbors': 10}
2025-08-06 18:40:19,225 - Language: Accuracy -> 0.9189
2025-08-06 18:55:40,599 - Task: Accuracy -> 0.5844
2025-08-06 18:56:12,380 - Final Accuracy -> Language: 0.9189, Task: 0.5844, Desc: 0.1455
2025-08-13 14:47:06,182 - Model: embedding_small; Classifier: KNN; Parameters: {'n_neighbors': 5}
2025-08-13 14:47:29,826 - Language: Accuracy -> 0.8980
2025-08-13 14:47:53,776 - Task: Accuracy -> 0.7412
2025-08-13 14:47:54,923 - Final Accuracy -> Language: 0.8980, Task: 0.7412, Desc: 0.9636
2025-08-13 14:48:05,037 - Model: embedding_small; Classifier: KNN; Parameters: {'n_neighbors': 10}
2025-08-13 14:48:28,728 - Language: Accuracy -> 0.8651
2025-08-13 14:48:52,407 - Task: Accuracy -> 0.6919
2025-08-13 14:48:53,626 - Final Accuracy -> Language: 0.8651, Task: 0.6919, Desc: 0.9455
2025-08-13 14:49:21,963 - Model: embedding_large; Classifier: KNN; Parameters: {'n_neighbors': 5}
2025-08-13 14:50:11,718 - Language: Accuracy -> 0.8975
2025-08-13 14:51:00,079 - Task: Accuracy -> 0.8492
2025-08-13 14:51:02,994 - Final Accuracy -> Language: 0.8975, Task: 0.8492, Desc: 0.9818
2025-08-13 14:51:23,532 - Model: embedding_large; Classifier: KNN; Parameters: {'n_neighbors': 10}
2025-08-13 14:52:14,503 - Language: Accuracy -> 0.8662
2025-08-13 14:53:03,526 - Task: Accuracy -> 0.8054
2025-08-13 14:53:06,418 - Final Accuracy -> Language: 0.8662, Task: 0.8054, Desc: 0.9818
2025-08-11 16:57:02,432 - Model: bert; Classifier: KNN; Parameters: {'n_neighbors': 5}
2025-08-11 16:57:14,721 - Language: Accuracy -> 0.8520
2025-08-11 16:57:27,697 - Task: Accuracy -> 0.7270
2025-08-11 16:57:28,278 - Final Accuracy -> Language: 0.8520, Task: 0.7270, Desc: 0.3636
2025-08-11 16:59:26,390 - Model: bert; Classifier: KNN; Parameters: {'n_neighbors': 10}
2025-08-11 16:59:37,196 - Language: Accuracy -> 0.7977
2025-08-11 16:59:49,428 - Task: Accuracy -> 0.6743
2025-08-11 16:59:49,977 - Final Accuracy -> Language: 0.7977, Task: 0.6743, Desc: 0.3636
2025-08-11 17:16:08,448 - Model: gpt; Classifier: KNN; Parameters: {'n_neighbors': 5}
2025-08-11 17:16:20,391 - Language: Accuracy -> 0.6261
2025-08-11 17:16:31,512 - Task: Accuracy -> 0.3931
2025-08-11 17:16:32,035 - Final Accuracy -> Language: 0.6261, Task: 0.3931, Desc: 0.0364
2025-08-11 17:18:28,795 - Model: gpt; Classifier: KNN; Parameters: {'n_neighbors': 10}
2025-08-11 17:18:39,145 - Language: Accuracy -> 0.5312
2025-08-11 17:18:52,084 - Task: Accuracy -> 0.3372
2025-08-11 17:18:52,622 - Final Accuracy -> Language: 0.5312, Task: 0.3372, Desc: 0.0182
2025-08-11 17:35:17,829 - Model: roberta; Classifier: KNN; Parameters: {'n_neighbors': 5}
2025-08-11 17:35:28,122 - Language: Accuracy -> 0.7982
2025-08-11 17:35:40,644 - Task: Accuracy -> 0.6420
2025-08-11 17:35:41,177 - Final Accuracy -> Language: 0.7982, Task: 0.6420, Desc: 0.0364
2025-08-11 17:37:39,530 - Model: roberta; Classifier: KNN; Parameters: {'n_neighbors': 10}
2025-08-11 17:37:52,120 - Language: Accuracy -> 0.7248
2025-08-11 17:38:01,998 - Task: Accuracy -> 0.5828
2025-08-11 17:38:02,521 - Final Accuracy -> Language: 0.7248, Task: 0.5828, Desc: 0.0727
2025-08-11 19:47:52,325 - Model: falcon7b; Classifier: KNN; Parameters: {'n_neighbors': 5}
2025-08-11 20:00:10,082 - Language: Accuracy -> 0.9084
2025-08-11 20:12:58,240 - Task: Accuracy -> 0.6096
2025-08-11 20:13:23,188 - Final Accuracy -> Language: 0.9084, Task: 0.6096, Desc: 0.0545
2025-08-11 21:56:39,856 - Model: falcon7b; Classifier: KNN; Parameters: {'n_neighbors': 10}
2025-08-11 22:09:14,940 - Language: Accuracy -> 0.8810
2025-08-11 22:21:25,830 - Task: Accuracy -> 0.5373
2025-08-11 22:21:54,426 - Final Accuracy -> Language: 0.8810, Task: 0.5373, Desc: 0.0364
2025-08-12 10:10:58,798 - Model: falcon11b; Classifier: KNN; Parameters: {'n_neighbors': 5}
2025-08-12 10:23:32,802 - Language: Accuracy -> 0.9211
2025-08-12 10:35:04,925 - Task: Accuracy -> 0.6458
2025-08-12 10:35:30,685 - Final Accuracy -> Language: 0.9211, Task: 0.6458, Desc: 0.1273
2025-08-12 16:10:24,753 - Model: falcon11b; Classifier: KNN; Parameters: {'n_neighbors': 10}
2025-08-12 17:00:11,427 - Language: Accuracy -> 0.9002
2025-08-12 17:17:01,221 - Task: Accuracy -> 0.5861
2025-08-12 17:17:35,784 - Final Accuracy -> Language: 0.9002, Task: 0.5861, Desc: 0.1636
2025-08-15 08:37:05,936 - Model: codebert; Classifier: KNN; Parameters: {'n_neighbors': 5}
2025-08-15 08:37:05,936 - train_df: (1725993, 4); test_df: (1824, 4); self.train_emb: torch.Size([1725993, 768])
2025-08-15 08:37:17,296 - Language: Accuracy -> 0.7971
2025-08-15 08:37:27,963 - Task: Accuracy -> 0.5976
2025-08-15 08:37:28,450 - Final Accuracy -> Language: 0.7971, Task: 0.5976, Desc: 0.0727
2025-08-15 08:37:32,624 - Model: codegpt; Classifier: KNN; Parameters: {'n_neighbors': 5}
2025-08-15 08:37:32,624 - train_df: (1725993, 4); test_df: (1824, 4); self.train_emb: torch.Size([1725993, 768])
2025-08-15 08:37:44,138 - Language: Accuracy -> 0.8843
2025-08-15 08:37:54,663 - Task: Accuracy -> 0.6404
2025-08-15 08:37:55,187 - Final Accuracy -> Language: 0.8843, Task: 0.6404, Desc: 0.2000
2025-08-19 11:23:35,120 - Model: falcon40b; Classifier: KNN; Parameters: {'n_neighbors': 5}
2025-08-19 11:23:35,120 - train_df: (1725993, 4); test_df: (1824, 4); self.train_emb: torch.Size([1725993, 8192])
2025-08-19 11:49:39,619 - Language: Accuracy -> 0.9156
2025-08-19 12:15:27,660 - Task: Accuracy -> 0.6310
2025-08-19 12:16:28,720 - Final Accuracy -> Language: 0.9156, Task: 0.6310, Desc: 0.0545
2025-08-19 12:16:38,384 - Model: code34b; Classifier: KNN; Parameters: {'n_neighbors': 5}
2025-08-19 12:16:38,385 - train_df: (1725993, 4); test_df: (1824, 4); self.train_emb: torch.Size([1725993, 8192])
2025-08-19 12:42:42,839 - Language: Accuracy -> 0.9331
2025-08-19 13:08:52,609 - Task: Accuracy -> 0.6393
2025-08-19 13:09:54,290 - Final Accuracy -> Language: 0.9331, Task: 0.6393, Desc: 0.0727
2025-08-19 13:10:04,233 - Model: code70b; Classifier: KNN; Parameters: {'n_neighbors': 5}
2025-08-19 13:10:04,233 - train_df: (1725993, 4); test_df: (1824, 4); self.train_emb: torch.Size([1725993, 8192])
2025-08-19 13:36:10,988 - Language: Accuracy -> 0.9254
2025-08-19 14:02:09,945 - Task: Accuracy -> 0.6299
2025-08-19 14:03:11,218 - Final Accuracy -> Language: 0.9254, Task: 0.6299, Desc: 0.0364
2025-08-19 14:03:14,936 - Model: embedding_ada; Classifier: KNN; Parameters: {'n_neighbors': 5}
2025-08-19 14:03:15,924 - NaN values removed from embeddings.
2025-08-19 14:03:15,924 - train_df: (1723101, 4); test_df: (1819, 4); self.train_emb: torch.Size([1723101, 1536])
2025-08-19 14:03:29,028 - Language: Accuracy -> 0.8972
2025-08-19 14:03:41,450 - Task: Accuracy -> 0.8384
2025-08-19 14:03:42,227 - Final Accuracy -> Language: 0.8972, Task: 0.8384, Desc: 0.9818
2025-08-19 14:03:46,121 - Model: embedding_small; Classifier: KNN; Parameters: {'n_neighbors': 5}
2025-08-19 14:03:46,121 - train_df: (1725993, 4); test_df: (1824, 4); self.train_emb: torch.Size([1725993, 1536])
2025-08-19 14:03:58,762 - Language: Accuracy -> 0.8980
2025-08-19 14:04:11,255 - Task: Accuracy -> 0.7412
2025-08-19 14:04:12,009 - Final Accuracy -> Language: 0.8980, Task: 0.7412, Desc: 0.9636
2025-08-19 14:04:19,182 - Model: embedding_large; Classifier: KNN; Parameters: {'n_neighbors': 5}
2025-08-19 14:04:19,182 - train_df: (1725993, 4); test_df: (1824, 4); self.train_emb: torch.Size([1725993, 3072])
2025-08-19 14:04:43,432 - Language: Accuracy -> 0.8975
2025-08-19 14:05:07,498 - Task: Accuracy -> 0.8492
2025-08-19 14:05:09,022 - Final Accuracy -> Language: 0.8975, Task: 0.8492, Desc: 0.9818
2025-08-19 14:05:20,455 - Model: falcon40b; Classifier: KNN; Parameters: {'n_neighbors': 10}
2025-08-19 14:05:20,455 - train_df: (1725993, 4); test_df: (1824, 4); self.train_emb: torch.Size([1725993, 8192])
2025-08-19 14:31:54,617 - Language: Accuracy -> 0.9002
2025-08-19 14:58:34,026 - Task: Accuracy -> 0.5696
2025-08-19 14:59:37,242 - Final Accuracy -> Language: 0.9002, Task: 0.5696, Desc: 0.0182
2025-08-19 14:59:48,187 - Model: code34b; Classifier: KNN; Parameters: {'n_neighbors': 10}
2025-08-19 14:59:48,187 - train_df: (1725993, 4); test_df: (1824, 4); self.train_emb: torch.Size([1725993, 8192])
2025-08-19 15:26:23,478 - Language: Accuracy -> 0.9200
2025-08-19 15:53:03,798 - Task: Accuracy -> 0.5685
2025-08-19 15:54:06,066 - Final Accuracy -> Language: 0.9200, Task: 0.5685, Desc: 0.0182
2025-08-19 15:54:17,174 - Model: code70b; Classifier: KNN; Parameters: {'n_neighbors': 10}
2025-08-19 15:54:17,175 - train_df: (1725993, 4); test_df: (1824, 4); self.train_emb: torch.Size([1725993, 8192])
2025-08-19 16:20:50,624 - Language: Accuracy -> 0.9112
2025-08-19 16:47:32,018 - Task: Accuracy -> 0.5609
2025-08-19 16:48:34,679 - Final Accuracy -> Language: 0.9112, Task: 0.5609, Desc: 0.0727
2025-08-19 16:48:38,634 - Model: embedding_ada; Classifier: KNN; Parameters: {'n_neighbors': 10}
2025-08-19 16:48:39,621 - NaN values removed from embeddings.
2025-08-19 16:48:39,621 - train_df: (1723101, 4); test_df: (1819, 4); self.train_emb: torch.Size([1723101, 1536])
2025-08-19 16:48:52,286 - Language: Accuracy -> 0.8719
2025-08-19 16:49:04,587 - Task: Accuracy -> 0.8065
2025-08-19 16:49:05,356 - Final Accuracy -> Language: 0.8719, Task: 0.8065, Desc: 0.9818
2025-08-19 16:49:09,656 - Model: embedding_small; Classifier: KNN; Parameters: {'n_neighbors': 10}
2025-08-19 16:49:09,656 - train_df: (1725993, 4); test_df: (1824, 4); self.train_emb: torch.Size([1725993, 1536])
2025-08-19 16:49:22,587 - Language: Accuracy -> 0.8651
2025-08-19 16:49:34,945 - Task: Accuracy -> 0.6919
2025-08-19 16:49:35,712 - Final Accuracy -> Language: 0.8651, Task: 0.6919, Desc: 0.9455
2025-08-19 16:49:43,962 - Model: embedding_large; Classifier: KNN; Parameters: {'n_neighbors': 10}
2025-08-19 16:49:43,963 - train_df: (1725993, 4); test_df: (1824, 4); self.train_emb: torch.Size([1725993, 3072])
2025-08-19 16:50:08,264 - Language: Accuracy -> 0.8662
2025-08-19 16:50:32,312 - Task: Accuracy -> 0.8054
2025-08-19 16:50:33,824 - Final Accuracy -> Language: 0.8662, Task: 0.8054, Desc: 0.9818
2025-08-25 19:37:38,161 - Model: llama70b; Classifier: KNN; Parameters: {'n_neighbors': 5}
2025-08-25 19:37:38,163 - train_df: (1725993, 4); test_df: (1824, 4); self.train_emb: torch.Size([1725993, 8192])
2025-08-25 20:04:09,412 - Language: Accuracy -> 0.9178
2025-08-25 20:30:30,201 - Task: Accuracy -> 0.6228
2025-08-25 20:31:32,115 - Final Accuracy -> Language: 0.9178, Task: 0.6228, Desc: 0.1273
2025-08-25 20:31:40,404 - Model: llama70b; Classifier: KNN; Parameters: {'n_neighbors': 10}
2025-08-25 20:31:40,405 - train_df: (1725993, 4); test_df: (1824, 4); self.train_emb: torch.Size([1725993, 8192])
2025-08-25 20:58:03,276 - Language: Accuracy -> 0.9073
2025-08-25 21:24:20,525 - Task: Accuracy -> 0.5811
2025-08-25 21:25:22,394 - Final Accuracy -> Language: 0.9073, Task: 0.5811, Desc: 0.1273

