Experiment 2
2025-08-12 10:37:23,326 - Model: bert; Classifier: KNN
2025-08-12 10:37:23,582 - Final Accuracy -> Language: 0.8750, Task: 1.0000
2025-08-12 10:37:40,969 - Model: gpt; Classifier: KNN
2025-08-12 10:37:41,146 - Final Accuracy -> Language: 0.8125, Task: 0.5000
2025-08-12 10:38:08,859 - Model: roberta; Classifier: KNN
2025-08-12 10:38:09,067 - Final Accuracy -> Language: 0.8750, Task: 0.9375
2025-08-12 10:41:02,277 - Model: falcon7b; Classifier: KNN
2025-08-12 10:41:02,916 - Final Accuracy -> Language: 1.0000, Task: 0.8125
2025-08-12 10:43:25,703 - Model: falcon11b; Classifier: KNN
2025-08-12 10:43:27,598 - Final Accuracy -> Language: 1.0000, Task: 0.8125
2025-08-12 11:24:38,573 - Model: bert; Classifier: KNN
2025-08-12 11:24:39,059 - Final Accuracy -> Language: 0.9286, Task: 0.8571aa
2025-08-12 11:25:18,249 - Model: gpt; Classifier: KNN
2025-08-12 11:25:18,488 - Final Accuracy -> Language: 0.5714, Task: 0.3571
2025-08-12 11:25:31,690 - Model: roberta; Classifier: KNN
2025-08-12 11:25:31,866 - Final Accuracy -> Language: 0.7857, Task: 0.5714
2025-08-12 11:27:06,369 - Model: falcon7b; Classifier: KNN
2025-08-12 11:27:10,323 - Final Accuracy -> Language: 1.0000, Task: 0.8571
2025-08-12 11:27:34,336 - Model: falcon11b; Classifier: KNN
2025-08-12 11:27:34,769 - Final Accuracy -> Language: 1.0000, Task: 0.8571
2025-08-12 11:31:18,472 - Model: falcon40b; Classifier: KNN
2025-08-12 11:31:20,062 - Final Accuracy -> Language: 1.0000, Task: 0.9286
2025-08-12 11:32:50,462 - Model: llama7b; Classifier: KNN
2025-08-12 11:32:50,885 - Final Accuracy -> Language: 1.0000, Task: 0.9286
2025-08-12 11:33:15,653 - Model: llama8b; Classifier: KNN
2025-08-12 11:33:16,560 - Final Accuracy -> Language: 1.0000, Task: 0.8571
2025-08-12 11:33:58,855 - Model: llama13b; Classifier: KNN
2025-08-12 11:33:59,312 - Final Accuracy -> Language: 1.0000, Task: 0.8571
2025-08-12 11:34:10,675 - Model: embedding_ada; Classifier: KNN
2025-08-12 11:34:26,109 - NaN values removed from embeddings.
2025-08-12 11:43:55,154 - Model: bert; Classifier: KNN
2025-08-12 11:43:55,740 - Final Accuracy -> Language: 1.0000, Task: 0.8800
2025-08-12 11:44:02,195 - Model: gpt; Classifier: KNN
2025-08-12 11:44:02,380 - Final Accuracy -> Language: 0.8400, Task: 0.4800
2025-08-12 11:44:11,918 - Model: roberta; Classifier: KNN
2025-08-12 11:44:12,110 - Final Accuracy -> Language: 0.8400, Task: 0.8000
2025-08-12 11:46:14,460 - Model: falcon7b; Classifier: KNN
2025-08-12 11:46:14,924 - Final Accuracy -> Language: 0.9200, Task: 0.7200
2025-08-12 11:49:25,837 - Model: falcon11b; Classifier: KNN
2025-08-12 11:49:27,157 - Final Accuracy -> Language: 1.0000, Task: 0.7600
2025-08-12 11:53:53,365 - Model: falcon40b; Classifier: KNN
2025-08-12 11:53:54,904 - Final Accuracy -> Language: 1.0000, Task: 0.8000
2025-08-12 11:56:42,477 - Model: llama7b; Classifier: KNN
2025-08-12 11:56:42,826 - Final Accuracy -> Language: 1.0000, Task: 0.7600
2025-08-12 11:57:00,852 - Model: llama8b; Classifier: KNN
2025-08-12 11:57:01,307 - Final Accuracy -> Language: 1.0000, Task: 0.8000
2025-08-12 11:57:21,070 - Model: llama13b; Classifier: KNN
2025-08-12 11:57:21,488 - Final Accuracy -> Language: 1.0000, Task: 0.7200
2025-08-12 11:57:54,108 - Model: bert; Classifier: SVM
2025-08-12 11:57:54,904 - Final Accuracy -> Language: 1.0000, Task: 1.0000
2025-08-12 11:58:11,277 - Model: gpt; Classifier: SVM
2025-08-12 11:58:11,651 - Final Accuracy -> Language: 1.0000, Task: 0.7600
2025-08-12 11:58:34,245 - Model: roberta; Classifier: SVM
2025-08-12 11:58:34,482 - Final Accuracy -> Language: 1.0000, Task: 1.0000
2025-08-12 12:00:51,203 - Model: falcon7b; Classifier: SVM
2025-08-12 12:00:52,861 - Final Accuracy -> Language: 1.0000, Task: 0.9600
2025-08-12 12:09:19,301 - Model: falcon11b; Classifier: SVM
2025-08-12 12:09:21,802 - Final Accuracy -> Language: 1.0000, Task: 1.0000
2025-08-12 12:15:48,598 - Model: falcon40b; Classifier: SVM
2025-08-12 12:15:52,653 - Final Accuracy -> Language: 1.0000, Task: 0.9600
2025-08-12 12:16:39,265 - Model: llama7b; Classifier: SVM
2025-08-12 12:16:39,881 - Final Accuracy -> Language: 1.0000, Task: 1.0000
2025-08-12 12:18:05,301 - Model: llama8b; Classifier: SVM
2025-08-12 12:18:06,502 - Final Accuracy -> Language: 1.0000, Task: 1.0000
2025-08-12 12:18:53,159 - Model: llama13b; Classifier: SVM
2025-08-12 12:18:52,517 - Final Accuracy -> Language: 1.0000, Task: 1.0000
2025-08-12 12:19:40,546 - Model: bert; Classifier: KNN
2025-08-12 12:19:40,878 - Final Accuracy -> Language: 0.7692, Task: 0.8462
2025-08-12 12:20:10,434 - Model: gpt; Classifier: KNN
2025-08-12 12:20:10,663 - Final Accuracy -> Language: 0.3846, Task: 0.6923
2025-08-12 12:20:55,469 - Model: roberta; Classifier: KNN
2025-08-12 12:20:55,704 - Final Accuracy -> Language: 0.6923, Task: 0.6923
2025-08-12 12:22:51,575 - Model: falcon7b; Classifier: KNN
2025-08-12 12:22:56,972 - Final Accuracy -> Language: 0.8462, Task: 0.7692
2025-08-12 12:24:19,125 - Model: falcon11b; Classifier: KNN
2025-08-12 12:24:27,134 - Final Accuracy -> Language: 0.8462, Task: 0.6923
2025-08-12 12:26:27,619 - Model: falcon40b; Classifier: KNN
2025-08-12 12:26:33,727 - Final Accuracy -> Language: 0.8462, Task: 0.6923
2025-08-12 12:26:54,765 - Model: llama7b; Classifier: KNN
2025-08-12 12:26:57,779 - Final Accuracy -> Language: 0.8462, Task: 0.7692
2025-08-12 12:27:39,916 - Model: llama8b; Classifier: KNN
2025-08-12 12:27:43,549 - Final Accuracy -> Language: 1.0000, Task: 0.6923
2025-08-12 12:28:29,980 - Model: llama13b; Classifier: KNN
2025-08-12 12:28:35,791 - Final Accuracy -> Language: 1.0000, Task: 0.6923
2025-08-12 12:28:40,925 - Model: bert; Classifier: SVM
2025-08-12 12:28:56,740 - Final Accuracy -> Language: 1.0000, Task: 0.9231
2025-08-12 12:29:07,510 - Model: gpt; Classifier: SVM
2025-08-12 12:30:16,328 - Final Accuracy -> Language: 0.7692, Task: 0.8462
2025-08-12 12:30:44,830 - Model: roberta; Classifier: SVM
2025-08-12 12:31:06,707 - Final Accuracy -> Language: 0.9231, Task: 0.8462
2025-08-12 12:32:15,469 - Model: falcon7b; Classifier: SVM
2025-08-12 12:38:20,033 - Final Accuracy -> Language: 0.8462, Task: 0.9231
2025-08-12 12:38:43,020 - Model: falcon11b; Classifier: SVM
2025-08-12 12:40:57,065 - Final Accuracy -> Language: 1.0000, Task: 1.0000
2025-08-12 12:43:12,269 - Model: falcon40b; Classifier: SVM
2025-08-12 12:50:17,741 - Final Accuracy -> Language: 1.0000, Task: 0.9231
2025-08-12 12:50:45,450 - Model: llama7b; Classifier: SVM
2025-08-12 12:52:54,547 - Final Accuracy -> Language: 1.0000, Task: 0.9231
2025-08-12 12:53:59,885 - Model: llama8b; Classifier: SVM
2025-08-12 12:55:34,260 - Final Accuracy -> Language: 1.0000, Task: 1.0000
2025-08-12 12:56:39,566 - Model: llama13b; Classifier: SVM
2025-08-12 12:59:05,424 - Final Accuracy -> Language: 1.0000, Task: 0.9231
2025-08-12 12:59:24,179 - Model: bert; Classifier: KNN
2025-08-12 12:59:24,462 - Final Accuracy -> Language: 0.8462, Task: 1.0000
2025-08-12 12:59:36,587 - Model: gpt; Classifier: KNN
2025-08-12 12:59:36,840 - Final Accuracy -> Language: 0.6154, Task: 0.5385
2025-08-12 12:59:44,043 - Model: roberta; Classifier: KNN
2025-08-12 12:59:44,618 - Final Accuracy -> Language: 0.8462, Task: 0.6923
2025-08-12 13:00:16,327 - Model: falcon7b; Classifier: KNN
2025-08-12 13:00:17,699 - Final Accuracy -> Language: 0.9231, Task: 0.7692
2025-08-12 13:02:45,891 - Model: falcon11b; Classifier: KNN
2025-08-12 13:02:47,670 - Final Accuracy -> Language: 1.0000, Task: 0.7692
2025-08-12 13:03:39,763 - Model: falcon40b; Classifier: KNN
2025-08-12 13:03:40,866 - Final Accuracy -> Language: 0.9231, Task: 0.8462
2025-08-12 13:05:05,545 - Model: llama7b; Classifier: KNN
2025-08-12 13:05:06,368 - Final Accuracy -> Language: 1.0000, Task: 0.6923
2025-08-12 13:06:05,108 - Model: llama8b; Classifier: KNN
2025-08-12 13:06:06,420 - Final Accuracy -> Language: 1.0000, Task: 0.8462
2025-08-12 13:06:59,505 - Model: llama13b; Classifier: KNN
2025-08-12 13:07:01,305 - Final Accuracy -> Language: 1.0000, Task: 0.7692
2025-08-12 13:07:27,286 - Model: bert; Classifier: SVM
2025-08-12 13:07:27,604 - Final Accuracy -> Language: 1.0000, Task: 1.0000
2025-08-12 13:07:43,660 - Model: gpt; Classifier: SVM
2025-08-12 13:07:44,504 - Final Accuracy -> Language: 0.8462, Task: 0.9231
2025-08-12 13:07:52,190 - Model: roberta; Classifier: SVM
2025-08-12 13:07:52,635 - Final Accuracy -> Language: 1.0000, Task: 1.0000
2025-08-12 13:09:29,426 - Model: falcon7b; Classifier: SVM
2025-08-12 13:09:36,059 - Final Accuracy -> Language: 1.0000, Task: 0.8462
2025-08-12 13:10:50,520 - Model: falcon11b; Classifier: SVM
2025-08-12 13:10:52,773 - Final Accuracy -> Language: 1.0000, Task: 1.0000
2025-08-12 13:13:50,804 - Model: falcon40b; Classifier: SVM
2025-08-12 13:13:55,568 - Final Accuracy -> Language: 1.0000, Task: 1.0000
2025-08-12 13:15:03,701 - Model: llama7b; Classifier: SVM
2025-08-12 13:15:05,660 - Final Accuracy -> Language: 1.0000, Task: 1.0000
2025-08-12 13:15:41,026 - Model: llama8b; Classifier: SVM
2025-08-12 13:15:42,875 - Final Accuracy -> Language: 1.0000, Task: 1.0000
2025-08-12 13:16:29,243 - Model: llama13b; Classifier: SVM
2025-08-12 13:16:31,580 - Final Accuracy -> Language: 1.0000, Task: 1.0000
2025-08-12 13:16:43,397 - Model: bert; Classifier: KNN
2025-08-12 13:16:43,857 - Final Accuracy -> Language: 0.8571, Task: 0.9048
2025-08-12 13:16:52,540 - Model: gpt; Classifier: KNN
2025-08-12 13:16:52,723 - Final Accuracy -> Language: 0.5238, Task: 0.5714
2025-08-12 13:17:05,863 - Model: roberta; Classifier: KNN
2025-08-12 13:17:06,046 - Final Accuracy -> Language: 0.7143, Task: 0.8095
2025-08-12 13:22:26,329 - Model: falcon7b; Classifier: KNN
2025-08-12 13:22:29,647 - Final Accuracy -> Language: 0.9524, Task: 0.7619
2025-08-12 13:27:24,467 - Model: falcon11b; Classifier: KNN
2025-08-12 13:27:25,288 - Final Accuracy -> Language: 1.0000, Task: 0.8571
2025-08-12 13:29:21,852 - Model: falcon40b; Classifier: KNN
2025-08-12 13:29:22,711 - Final Accuracy -> Language: 0.9524, Task: 0.8095
2025-08-12 13:29:43,516 - Model: llama7b; Classifier: KNN
2025-08-12 13:29:43,910 - Final Accuracy -> Language: 1.0000, Task: 0.8095
2025-08-12 13:30:28,781 - Model: llama8b; Classifier: KNN
2025-08-12 13:30:29,110 - Final Accuracy -> Language: 1.0000, Task: 0.8571
2025-08-12 13:30:53,363 - Model: llama13b; Classifier: KNN
2025-08-12 13:30:53,829 - Final Accuracy -> Language: 1.0000, Task: 0.9048
2025-08-12 13:30:59,672 - Model: bert; Classifier: SVM
2025-08-12 13:30:59,922 - Final Accuracy -> Language: 1.0000, Task: 1.0000
2025-08-12 13:31:08,099 - Model: gpt; Classifier: SVM
2025-08-12 13:31:08,428 - Final Accuracy -> Language: 0.9524, Task: 0.9048
2025-08-12 13:31:20,379 - Model: roberta; Classifier: SVM
2025-08-12 13:31:20,649 - Final Accuracy -> Language: 0.9524, Task: 0.9524
2025-08-12 13:31:56,110 - Model: falcon7b; Classifier: SVM
2025-08-12 13:31:57,612 - Final Accuracy -> Language: 1.0000, Task: 0.9048
2025-08-12 13:33:01,002 - Model: falcon11b; Classifier: SVM
2025-08-12 13:33:01,808 - Final Accuracy -> Language: 1.0000, Task: 0.9524
2025-08-12 13:33:58,399 - Model: falcon40b; Classifier: SVM
2025-08-12 13:34:00,078 - Final Accuracy -> Language: 1.0000, Task: 0.9524
2025-08-12 13:34:16,084 - Model: llama7b; Classifier: SVM
2025-08-12 13:34:16,580 - Final Accuracy -> Language: 1.0000, Task: 1.0000
2025-08-12 13:34:33,509 - Model: llama8b; Classifier: SVM
2025-08-12 13:34:34,066 - Final Accuracy -> Language: 1.0000, Task: 1.0000
2025-08-12 13:34:53,256 - Model: llama13b; Classifier: SVM
2025-08-12 13:34:54,146 - Final Accuracy -> Language: 1.0000, Task: 1.0000
2025-08-12 13:35:01,537 - Model: bert; Classifier: KNN
2025-08-12 13:35:02,562 - Final Accuracy -> Language: 0.7895, Task: 0.8947
2025-08-12 13:35:08,798 - Model: gpt; Classifier: KNN
2025-08-12 13:35:09,134 - Final Accuracy -> Language: 0.4211, Task: 0.5789
2025-08-12 13:35:15,545 - Model: roberta; Classifier: KNN
2025-08-12 13:35:14,405 - Final Accuracy -> Language: 0.4211, Task: 0.7368
2025-08-12 13:35:35,317 - Model: falcon7b; Classifier: KNN
2025-08-12 13:35:35,510 - Final Accuracy -> Language: 0.7368, Task: 0.6842
2025-08-12 13:35:55,858 - Model: falcon11b; Classifier: KNN
2025-08-12 13:35:56,167 - Final Accuracy -> Language: 0.7895, Task: 0.8947
2025-08-12 13:36:34,957 - Model: falcon40b; Classifier: KNN
2025-08-12 13:36:35,514 - Final Accuracy -> Language: 0.7895, Task: 0.7368
2025-08-12 13:37:04,216 - Model: llama7b; Classifier: KNN
2025-08-12 13:37:04,655 - Final Accuracy -> Language: 0.8421, Task: 0.8421
2025-08-12 13:37:35,197 - Model: llama8b; Classifier: KNN
2025-08-12 13:37:35,665 - Final Accuracy -> Language: 0.8947, Task: 0.7895
2025-08-12 13:38:04,116 - Model: llama13b; Classifier: KNN
2025-08-12 13:38:04,611 - Final Accuracy -> Language: 0.8947, Task: 0.7368
2025-08-12 13:38:11,692 - Model: bert; Classifier: SVM
2025-08-12 13:38:12,484 - Final Accuracy -> Language: 0.8947, Task: 0.9474
2025-08-12 13:38:19,841 - Model: gpt; Classifier: SVM
2025-08-12 13:38:19,774 - Final Accuracy -> Language: 0.7368, Task: 0.7368
2025-08-12 13:38:28,382 - Model: roberta; Classifier: SVM
2025-08-12 13:38:29,354 - Final Accuracy -> Language: 0.8947, Task: 0.9474
2025-08-12 13:38:55,406 - Model: falcon7b; Classifier: SVM
2025-08-12 13:38:56,727 - Final Accuracy -> Language: 0.8421, Task: 0.6842
2025-08-12 13:39:20,244 - Model: falcon11b; Classifier: SVM
2025-08-12 13:39:21,026 - Final Accuracy -> Language: 0.9474, Task: 0.9474
2025-08-12 13:40:05,434 - Model: falcon40b; Classifier: SVM
2025-08-12 13:40:05,896 - Final Accuracy -> Language: 1.0000, Task: 0.9474
2025-08-12 13:40:23,037 - Model: llama7b; Classifier: SVM
2025-08-12 13:40:23,320 - Final Accuracy -> Language: 0.8947, Task: 0.9474
2025-08-12 13:40:43,191 - Model: llama8b; Classifier: SVM
2025-08-12 13:40:43,472 - Final Accuracy -> Language: 0.8947, Task: 0.9474
2025-08-12 13:41:05,388 - Model: llama13b; Classifier: SVM
2025-08-12 13:41:05,746 - Final Accuracy -> Language: 0.8947, Task: 0.9474
2025-08-12 13:41:12,037 - Model: bert; Classifier: KNN
2025-08-12 13:41:12,277 - Final Accuracy -> Language: 0.9333, Task: 0.7333
2025-08-12 13:41:19,588 - Model: gpt; Classifier: KNN
2025-08-12 13:41:19,773 - Final Accuracy -> Language: 0.8000, Task: 0.7333
2025-08-12 13:41:26,406 - Model: roberta; Classifier: KNN
2025-08-12 13:41:26,598 - Final Accuracy -> Language: 0.8667, Task: 0.8000
2025-08-12 13:41:48,445 - Model: falcon7b; Classifier: KNN
2025-08-12 13:41:49,796 - Final Accuracy -> Language: 0.9333, Task: 0.8000
2025-08-12 13:42:05,439 - Model: falcon11b; Classifier: KNN
2025-08-12 13:42:07,086 - Final Accuracy -> Language: 0.9333, Task: 0.7333
2025-08-12 13:43:26,576 - Model: falcon40b; Classifier: KNN
2025-08-12 13:43:28,187 - Final Accuracy -> Language: 0.9333, Task: 0.8000
2025-08-12 13:43:53,339 - Model: llama7b; Classifier: KNN
2025-08-12 13:43:54,303 - Final Accuracy -> Language: 0.9333, Task: 0.8667
2025-08-12 13:44:14,636 - Model: llama8b; Classifier: KNN
2025-08-12 13:44:15,929 - Final Accuracy -> Language: 0.9333, Task: 0.8000
2025-08-12 13:44:50,306 - Model: llama13b; Classifier: KNN
2025-08-12 13:44:51,541 - Final Accuracy -> Language: 0.9333, Task: 0.8000
2025-08-12 13:45:17,302 - Model: bert; Classifier: SVM
2025-08-12 13:45:19,470 - Final Accuracy -> Language: 1.0000, Task: 1.0000
2025-08-12 13:45:47,299 - Model: gpt; Classifier: SVM
2025-08-12 13:45:57,824 - Final Accuracy -> Language: 0.9333, Task: 0.8667
2025-08-12 13:46:06,003 - Model: roberta; Classifier: SVM
2025-08-12 13:46:09,856 - Final Accuracy -> Language: 1.0000, Task: 1.0000
2025-08-12 13:46:28,053 - Model: falcon7b; Classifier: SVM
2025-08-12 13:48:03,879 - Final Accuracy -> Language: 0.9333, Task: 0.9333
2025-08-12 13:49:00,777 - Model: falcon11b; Classifier: SVM
2025-08-12 13:49:35,743 - Final Accuracy -> Language: 1.0000, Task: 1.0000
2025-08-12 13:52:19,577 - Model: falcon40b; Classifier: SVM
2025-08-12 13:53:44,428 - Final Accuracy -> Language: 1.0000, Task: 1.0000
2025-08-12 13:55:03,707 - Model: llama7b; Classifier: SVM
2025-08-12 13:55:24,445 - Final Accuracy -> Language: 1.0000, Task: 1.0000
2025-08-12 13:57:28,526 - Model: llama8b; Classifier: SVM
2025-08-12 13:57:45,198 - Final Accuracy -> Language: 1.0000, Task: 1.0000
2025-08-12 13:58:38,242 - Model: llama13b; Classifier: SVM
2025-08-12 13:58:58,601 - Final Accuracy -> Language: 1.0000, Task: 1.0000
2025-08-12 13:59:16,038 - Model: bert; Classifier: KNN
2025-08-12 13:59:16,323 - Final Accuracy -> Language: 1.0000, Task: 0.7000
2025-08-12 13:59:30,111 - Model: gpt; Classifier: KNN
2025-08-12 13:59:30,317 - Final Accuracy -> Language: 0.8500, Task: 0.5500
2025-08-12 13:59:44,817 - Model: roberta; Classifier: KNN
2025-08-12 13:59:44,998 - Final Accuracy -> Language: 0.9500, Task: 0.7000
2025-08-12 14:00:53,464 - Model: falcon7b; Classifier: KNN
2025-08-12 14:00:53,853 - Final Accuracy -> Language: 1.0000, Task: 0.8000
2025-08-12 14:01:49,265 - Model: falcon11b; Classifier: KNN
2025-08-12 14:01:49,835 - Final Accuracy -> Language: 1.0000, Task: 0.8500
2025-08-12 14:03:27,575 - Model: falcon40b; Classifier: KNN
2025-08-12 14:03:28,266 - Final Accuracy -> Language: 1.0000, Task: 0.8500
2025-08-12 14:05:10,188 - Model: llama7b; Classifier: KNN
2025-08-12 14:05:10,617 - Final Accuracy -> Language: 1.0000, Task: 0.7500
2025-08-12 14:06:28,927 - Model: llama8b; Classifier: KNN
2025-08-12 14:06:29,227 - Final Accuracy -> Language: 1.0000, Task: 0.8500
2025-08-12 14:07:24,342 - Model: llama13b; Classifier: KNN
2025-08-12 14:07:24,708 - Final Accuracy -> Language: 1.0000, Task: 0.8500
2025-08-12 14:07:41,587 - Model: bert; Classifier: SVM
2025-08-12 14:07:41,906 - Final Accuracy -> Language: 1.0000, Task: 0.9500
2025-08-12 14:08:00,387 - Model: gpt; Classifier: SVM
2025-08-12 14:08:00,716 - Final Accuracy -> Language: 1.0000, Task: 0.6000
2025-08-12 14:08:52,615 - Model: roberta; Classifier: SVM
2025-08-12 14:08:52,867 - Final Accuracy -> Language: 1.0000, Task: 0.9000
2025-08-12 14:10:03,351 - Model: falcon7b; Classifier: SVM
2025-08-12 14:10:04,826 - Final Accuracy -> Language: 1.0000, Task: 0.9000
2025-08-12 14:13:29,751 - Model: falcon11b; Classifier: SVM
2025-08-12 14:13:30,723 - Final Accuracy -> Language: 1.0000, Task: 0.9000
2025-08-12 14:18:15,309 - Model: falcon40b; Classifier: SVM
2025-08-12 14:18:17,918 - Final Accuracy -> Language: 1.0000, Task: 0.9000
2025-08-12 14:21:43,699 - Model: llama7b; Classifier: SVM
2025-08-12 14:21:44,564 - Final Accuracy -> Language: 1.0000, Task: 0.9000
2025-08-12 14:23:21,942 - Model: llama8b; Classifier: SVM
2025-08-12 14:23:22,630 - Final Accuracy -> Language: 1.0000, Task: 0.9000
2025-08-12 14:29:24,259 - Model: llama13b; Classifier: SVM
2025-08-12 14:29:25,545 - Final Accuracy -> Language: 1.0000, Task: 0.9000
2025-08-12 14:30:45,771 - Model: bert; Classifier: KNN
2025-08-12 14:30:46,173 - Final Accuracy -> Language: 0.9000, Task: 0.7500
2025-08-12 14:32:27,203 - Model: gpt; Classifier: KNN
2025-08-12 14:32:29,623 - Final Accuracy -> Language: 0.8000, Task: 0.5500
2025-08-12 14:33:05,596 - Model: roberta; Classifier: KNN
2025-08-12 14:33:05,767 - Final Accuracy -> Language: 0.9000, Task: 0.7500
2025-08-12 14:33:52,632 - Model: falcon7b; Classifier: KNN
2025-08-12 14:33:55,354 - Final Accuracy -> Language: 0.9500, Task: 0.8000
2025-08-12 14:34:27,346 - Model: falcon11b; Classifier: KNN
2025-08-12 14:34:28,780 - Final Accuracy -> Language: 1.0000, Task: 0.8000
2025-08-12 14:36:17,500 - Model: falcon40b; Classifier: KNN
2025-08-12 14:36:21,234 - Final Accuracy -> Language: 1.0000, Task: 0.7500
2025-08-12 14:36:49,372 - Model: llama7b; Classifier: KNN
2025-08-12 14:36:50,815 - Final Accuracy -> Language: 1.0000, Task: 0.8000
2025-08-12 14:37:12,103 - Model: llama8b; Classifier: KNN
2025-08-12 14:37:13,083 - Final Accuracy -> Language: 1.0000, Task: 0.9000
2025-08-12 14:38:10,254 - Model: llama13b; Classifier: KNN
2025-08-12 14:38:11,463 - Final Accuracy -> Language: 1.0000, Task: 0.9000
2025-08-12 14:38:17,419 - Model: bert; Classifier: SVM
2025-08-12 14:38:19,947 - Final Accuracy -> Language: 1.0000, Task: 1.0000
2025-08-12 14:38:28,429 - Model: gpt; Classifier: SVM
2025-08-12 14:38:36,710 - Final Accuracy -> Language: 0.9500, Task: 0.8000
2025-08-12 14:38:45,596 - Model: roberta; Classifier: SVM
2025-08-12 14:38:48,800 - Final Accuracy -> Language: 1.0000, Task: 1.0000
2025-08-12 14:39:42,907 - Model: falcon7b; Classifier: SVM
2025-08-12 14:41:01,534 - Final Accuracy -> Language: 1.0000, Task: 0.9000
2025-08-12 14:41:52,948 - Model: falcon11b; Classifier: SVM
2025-08-12 14:42:21,126 - Final Accuracy -> Language: 1.0000, Task: 0.9500
2025-08-12 14:43:15,684 - Model: falcon40b; Classifier: SVM
2025-08-12 14:44:31,498 - Final Accuracy -> Language: 1.0000, Task: 0.9500
2025-08-12 14:45:26,099 - Model: llama7b; Classifier: SVM
2025-08-12 14:45:47,823 - Final Accuracy -> Language: 1.0000, Task: 0.9500
2025-08-12 14:47:35,367 - Model: llama8b; Classifier: SVM
2025-08-12 14:47:50,154 - Final Accuracy -> Language: 1.0000, Task: 1.0000
2025-08-12 14:49:51,577 - Model: llama13b; Classifier: SVM
2025-08-12 14:50:09,710 - Final Accuracy -> Language: 1.0000, Task: 1.0000
2025-08-12 14:50:40,610 - Model: bert; Classifier: KNN
2025-08-12 14:50:40,910 - Final Accuracy -> Language: 0.8824, Task: 0.7647
2025-08-12 14:51:36,406 - Model: gpt; Classifier: KNN
2025-08-12 14:51:36,597 - Final Accuracy -> Language: 0.7647, Task: 0.4118
2025-08-12 14:52:18,491 - Model: roberta; Classifier: KNN
2025-08-12 14:52:18,721 - Final Accuracy -> Language: 0.8824, Task: 0.7059
2025-08-12 14:54:32,114 - Model: falcon7b; Classifier: KNN
2025-08-12 14:54:32,544 - Final Accuracy -> Language: 0.9412, Task: 0.7059
2025-08-12 14:55:50,796 - Model: falcon11b; Classifier: KNN
2025-08-12 14:55:51,140 - Final Accuracy -> Language: 1.0000, Task: 0.7059
2025-08-12 14:56:55,321 - Model: falcon40b; Classifier: KNN
2025-08-12 14:56:55,715 - Final Accuracy -> Language: 1.0000, Task: 0.7647
2025-08-12 14:57:38,756 - Model: llama7b; Classifier: KNN
2025-08-12 14:57:39,042 - Final Accuracy -> Language: 1.0000, Task: 0.5882
2025-08-12 14:59:09,869 - Model: llama8b; Classifier: KNN
2025-08-12 14:59:10,154 - Final Accuracy -> Language: 1.0000, Task: 0.6471
2025-08-12 15:00:18,676 - Model: llama13b; Classifier: KNN
2025-08-12 15:00:19,000 - Final Accuracy -> Language: 1.0000, Task: 0.6471
2025-08-12 15:01:00,456 - Model: bert; Classifier: SVM
2025-08-12 15:01:00,988 - Final Accuracy -> Language: 1.0000, Task: 0.8824
2025-08-12 15:01:40,494 - Model: gpt; Classifier: SVM
2025-08-12 15:01:40,894 - Final Accuracy -> Language: 0.9412, Task: 0.5294
2025-08-12 15:02:29,016 - Model: roberta; Classifier: SVM
2025-08-12 15:02:29,302 - Final Accuracy -> Language: 1.0000, Task: 0.8824
2025-08-12 15:03:12,118 - Model: falcon7b; Classifier: SVM
2025-08-12 15:03:12,520 - Final Accuracy -> Language: 1.0000, Task: 0.8235
2025-08-12 15:04:15,118 - Model: falcon11b; Classifier: SVM
2025-08-12 15:04:15,419 - Final Accuracy -> Language: 1.0000, Task: 0.8824
2025-08-12 15:05:23,411 - Model: falcon40b; Classifier: SVM
2025-08-12 15:05:23,833 - Final Accuracy -> Language: 1.0000, Task: 0.8824
2025-08-12 15:06:06,007 - Model: llama7b; Classifier: SVM
2025-08-12 15:06:06,301 - Final Accuracy -> Language: 1.0000, Task: 0.8824
2025-08-12 15:08:41,102 - Model: llama8b; Classifier: SVM
2025-08-12 15:08:41,413 - Final Accuracy -> Language: 1.0000, Task: 0.8824
2025-08-12 15:10:05,009 - Model: llama13b; Classifier: SVM
2025-08-12 15:10:05,476 - Final Accuracy -> Language: 1.0000, Task: 0.8824
2025-08-12 15:10:27,482 - Model: bert; Classifier: KNN
2025-08-12 15:10:27,772 - Final Accuracy -> Language: 0.8824, Task: 0.9412
2025-08-12 15:11:31,519 - Model: gpt; Classifier: KNN
2025-08-12 15:11:31,778 - Final Accuracy -> Language: 0.5882, Task: 0.6471
2025-08-12 15:12:28,580 - Model: roberta; Classifier: KNN
2025-08-12 15:12:28,791 - Final Accuracy -> Language: 0.7647, Task: 0.8235
2025-08-12 15:13:51,198 - Model: falcon7b; Classifier: KNN
2025-08-12 15:13:51,718 - Final Accuracy -> Language: 1.0000, Task: 0.7647
2025-08-12 15:14:48,110 - Model: falcon11b; Classifier: KNN
2025-08-12 15:14:48,576 - Final Accuracy -> Language: 1.0000, Task: 0.8235
2025-08-12 15:16:21,427 - Model: falcon40b; Classifier: KNN
2025-08-12 15:16:22,606 - Final Accuracy -> Language: 1.0000, Task: 0.8235
2025-08-12 15:17:04,941 - Model: llama7b; Classifier: KNN
2025-08-12 15:17:03,680 - Final Accuracy -> Language: 0.9412, Task: 0.8824
2025-08-12 15:17:58,195 - Model: llama8b; Classifier: KNN
2025-08-12 15:17:58,603 - Final Accuracy -> Language: 1.0000, Task: 0.8235
2025-08-12 15:20:04,841 - Model: llama13b; Classifier: KNN
2025-08-12 15:20:05,572 - Final Accuracy -> Language: 1.0000, Task: 0.8235
2025-08-12 15:20:53,563 - Model: bert; Classifier: SVM
2025-08-12 15:20:53,877 - Final Accuracy -> Language: 1.0000, Task: 1.0000
2025-08-12 15:21:30,452 - Model: gpt; Classifier: SVM
2025-08-12 15:21:30,826 - Final Accuracy -> Language: 0.9412, Task: 0.8824
2025-08-12 15:22:21,559 - Model: roberta; Classifier: SVM
2025-08-12 15:22:21,822 - Final Accuracy -> Language: 1.0000, Task: 0.8824
2025-08-12 15:22:55,393 - Model: falcon7b; Classifier: SVM
2025-08-12 15:22:56,862 - Final Accuracy -> Language: 1.0000, Task: 0.8235
2025-08-12 15:24:11,234 - Model: falcon11b; Classifier: SVM
2025-08-12 15:24:12,515 - Final Accuracy -> Language: 1.0000, Task: 1.0000
2025-08-12 15:25:24,450 - Model: falcon40b; Classifier: SVM
2025-08-12 15:25:27,220 - Final Accuracy -> Language: 1.0000, Task: 0.9412
2025-08-12 15:26:04,647 - Model: llama7b; Classifier: SVM
2025-08-12 15:26:06,821 - Final Accuracy -> Language: 1.0000, Task: 1.0000
2025-08-12 15:29:29,024 - Model: llama8b; Classifier: SVM
2025-08-12 15:29:29,968 - Final Accuracy -> Language: 1.0000, Task: 1.0000
2025-08-12 15:33:48,185 - Model: llama13b; Classifier: SVM
2025-08-12 15:33:49,127 - Final Accuracy -> Language: 1.0000, Task: 1.0000
2025-08-12 15:34:52,784 - Model: bert; Classifier: KNN
2025-08-12 15:34:53,962 - Final Accuracy -> Language: 0.8261, Task: 0.8116
2025-08-12 15:35:20,859 - Model: gpt; Classifier: KNN
2025-08-12 15:35:21,088 - Final Accuracy -> Language: 0.6087, Task: 0.4783
2025-08-12 15:36:00,955 - Model: roberta; Classifier: KNN
2025-08-12 15:36:01,200 - Final Accuracy -> Language: 0.6957, Task: 0.7971
2025-08-12 15:36:50,552 - Model: falcon7b; Classifier: KNN
2025-08-12 15:36:54,004 - Final Accuracy -> Language: 0.8841, Task: 0.7391
2025-08-12 15:39:39,193 - Model: falcon11b; Classifier: KNN
2025-08-12 15:39:41,608 - Final Accuracy -> Language: 0.8986, Task: 0.7246
2025-08-12 15:48:19,330 - Model: falcon40b; Classifier: KNN
2025-08-12 15:48:35,355 - Final Accuracy -> Language: 0.8841, Task: 0.7536
2025-08-12 15:51:20,738 - Model: llama7b; Classifier: KNN
2025-08-12 15:51:23,078 - Final Accuracy -> Language: 0.9130, Task: 0.7246
2025-08-12 15:54:33,840 - Model: llama8b; Classifier: KNN
2025-08-12 15:54:35,659 - Final Accuracy -> Language: 0.9565, Task: 0.7826
2025-08-12 15:56:38,125 - Model: llama13b; Classifier: KNN
2025-08-12 15:56:40,114 - Final Accuracy -> Language: 0.9275, Task: 0.7681
2025-08-12 15:57:12,133 - Model: bert; Classifier: SVM
2025-08-12 15:57:20,126 - Final Accuracy -> Language: 0.9565, Task: 0.9565
2025-08-12 15:57:37,428 - Model: gpt; Classifier: SVM
2025-08-12 15:58:17,762 - Final Accuracy -> Language: 0.7391, Task: 0.8841
2025-08-12 15:58:35,950 - Model: roberta; Classifier: SVM
2025-08-12 15:58:49,874 - Final Accuracy -> Language: 0.9420, Task: 0.9275
2025-08-12 15:59:45,561 - Model: falcon7b; Classifier: SVM
2025-08-12 16:04:20,894 - Final Accuracy -> Language: 0.8841, Task: 0.9420
2025-08-12 16:05:14,717 - Model: falcon11b; Classifier: SVM
2025-08-12 16:06:48,765 - Final Accuracy -> Language: 0.9565, Task: 0.9710
2025-08-12 16:08:04,387 - Model: falcon40b; Classifier: SVM
2025-08-12 16:12:41,362 - Final Accuracy -> Language: 0.9565, Task: 0.9855
2025-08-12 16:13:25,929 - Model: llama7b; Classifier: SVM
2025-08-12 16:14:56,643 - Final Accuracy -> Language: 0.9710, Task: 1.0000
2025-08-12 16:16:26,904 - Model: llama8b; Classifier: SVM
2025-08-12 16:18:29,911 - Final Accuracy -> Language: 0.9710, Task: 0.9855
2025-08-12 16:28:50,635 - Model: llama13b; Classifier: SVM
2025-08-12 16:30:25,734 - Final Accuracy -> Language: 0.9710, Task: 0.9855
2025-08-12 16:30:57,301 - Model: bert; Classifier: KNN
2025-08-12 16:30:57,667 - Final Accuracy -> Language: 0.9595, Task: 0.8108
2025-08-12 16:31:13,365 - Model: gpt; Classifier: KNN
2025-08-12 16:31:13,631 - Final Accuracy -> Language: 0.7568, Task: 0.5405
2025-08-12 16:31:23,674 - Model: roberta; Classifier: KNN
2025-08-12 16:31:23,941 - Final Accuracy -> Language: 0.8919, Task: 0.7027
2025-08-12 16:34:22,119 - Model: falcon7b; Classifier: KNN
2025-08-12 16:34:27,346 - Final Accuracy -> Language: 0.9595, Task: 0.7162
2025-08-12 16:36:43,670 - Model: falcon11b; Classifier: KNN
2025-08-12 16:36:45,424 - Final Accuracy -> Language: 0.9595, Task: 0.7838
2025-08-12 16:39:13,601 - Model: falcon40b; Classifier: KNN
2025-08-12 16:39:44,393 - Final Accuracy -> Language: 0.9730, Task: 0.7162
2025-08-12 16:41:16,978 - Model: llama7b; Classifier: KNN
2025-08-12 16:41:22,169 - Final Accuracy -> Language: 0.9595, Task: 0.7973
2025-08-12 16:42:17,281 - Model: llama8b; Classifier: KNN
2025-08-12 16:42:19,410 - Final Accuracy -> Language: 0.9865, Task: 0.8378
2025-08-12 16:43:18,573 - Model: llama13b; Classifier: KNN
2025-08-12 16:43:23,230 - Final Accuracy -> Language: 0.9730, Task: 0.8378
2025-08-12 16:44:06,319 - Model: bert; Classifier: SVM
2025-08-12 16:44:44,987 - Final Accuracy -> Language: 0.9865, Task: 0.9189
2025-08-12 16:44:56,607 - Model: gpt; Classifier: SVM
2025-08-12 16:47:53,463 - Final Accuracy -> Language: 0.9054, Task: 0.8108
2025-08-12 16:48:21,321 - Model: roberta; Classifier: SVM
2025-08-12 16:49:23,681 - Final Accuracy -> Language: 0.9865, Task: 0.8919
2025-08-12 16:51:16,287 - Model: falcon7b; Classifier: SVM
2025-08-12 17:10:18,818 - Final Accuracy -> Language: 0.9595, Task: 0.8649
2025-08-12 17:13:09,880 - Model: falcon11b; Classifier: SVM
2025-08-12 17:19:46,157 - Final Accuracy -> Language: 0.9865, Task: 0.9324
2025-08-12 17:21:23,752 - Model: falcon40b; Classifier: SVM
2025-08-12 17:39:18,075 - Final Accuracy -> Language: 0.9865, Task: 0.9189
2025-08-12 17:40:06,678 - Model: llama7b; Classifier: SVM
2025-08-12 17:45:43,749 - Final Accuracy -> Language: 0.9865, Task: 0.9459
2025-08-12 17:46:13,768 - Model: llama8b; Classifier: SVM
2025-08-12 17:50:03,910 - Final Accuracy -> Language: 0.9865, Task: 0.9324
2025-08-12 17:54:17,511 - Model: llama13b; Classifier: SVM
2025-08-12 18:00:46,247 - Final Accuracy -> Language: 0.9865, Task: 0.9324
2025-08-12 18:02:46,467 - Model: bert; Classifier: KNN
2025-08-12 18:02:46,890 - Final Accuracy -> Language: 0.9111, Task: 0.8000
2025-08-12 18:03:42,617 - Model: gpt; Classifier: KNN
2025-08-12 18:03:42,839 - Final Accuracy -> Language: 0.7778, Task: 0.4889
2025-08-12 18:04:08,540 - Model: roberta; Classifier: KNN
2025-08-12 18:04:08,768 - Final Accuracy -> Language: 0.8000, Task: 0.7556
2025-08-12 18:05:11,225 - Model: falcon7b; Classifier: KNN
2025-08-12 18:05:13,616 - Final Accuracy -> Language: 0.8444, Task: 0.7778
2025-08-12 18:06:26,785 - Model: falcon11b; Classifier: KNN
2025-08-12 18:06:30,978 - Final Accuracy -> Language: 0.8889, Task: 0.7333
2025-08-12 18:09:33,251 - Model: falcon40b; Classifier: KNN
2025-08-12 18:09:38,647 - Final Accuracy -> Language: 0.8889, Task: 0.7778
2025-08-12 18:10:46,162 - Model: llama7b; Classifier: KNN
2025-08-12 18:10:47,810 - Final Accuracy -> Language: 0.9111, Task: 0.7333
2025-08-12 18:11:10,983 - Model: llama8b; Classifier: KNN
2025-08-12 18:11:15,124 - Final Accuracy -> Language: 0.9556, Task: 0.8000
2025-08-12 18:14:00,890 - Model: llama13b; Classifier: KNN
2025-08-12 18:14:04,453 - Final Accuracy -> Language: 0.8889, Task: 0.7778
2025-08-12 18:16:44,034 - Model: bert; Classifier: SVM
2025-08-12 18:16:58,519 - Final Accuracy -> Language: 0.9556, Task: 0.9333
2025-08-12 18:17:34,858 - Model: gpt; Classifier: SVM
2025-08-12 18:18:39,641 - Final Accuracy -> Language: 0.8444, Task: 0.8222
2025-08-12 18:19:10,139 - Model: roberta; Classifier: SVM
2025-08-12 18:19:36,503 - Final Accuracy -> Language: 0.9556, Task: 0.8444
2025-08-12 18:21:19,262 - Model: falcon7b; Classifier: SVM
2025-08-12 18:28:09,336 - Final Accuracy -> Language: 0.8222, Task: 0.8667
2025-08-12 18:29:25,399 - Model: falcon11b; Classifier: SVM
2025-08-12 18:32:08,543 - Final Accuracy -> Language: 0.9556, Task: 0.9111
2025-08-12 18:33:51,524 - Model: falcon40b; Classifier: SVM
2025-08-12 18:40:58,615 - Final Accuracy -> Language: 0.9556, Task: 0.9111
2025-08-12 18:42:14,842 - Model: llama7b; Classifier: SVM
2025-08-12 18:43:55,503 - Final Accuracy -> Language: 0.9556, Task: 0.9333
2025-08-12 18:47:09,919 - Model: llama8b; Classifier: SVM
2025-08-12 18:48:32,013 - Final Accuracy -> Language: 0.9778, Task: 0.9333
2025-08-12 18:49:23,002 - Model: llama13b; Classifier: SVM
2025-08-12 18:51:35,398 - Final Accuracy -> Language: 0.9778, Task: 0.9333
2025-08-12 18:52:02,869 - Model: bert; Classifier: KNN
2025-08-12 18:52:03,269 - Final Accuracy -> Language: 0.8310, Task: 0.8732
2025-08-12 18:53:00,798 - Model: gpt; Classifier: KNN
2025-08-12 18:53:01,150 - Final Accuracy -> Language: 0.6620, Task: 0.5493
2025-08-12 18:53:08,055 - Model: roberta; Classifier: KNN
2025-08-12 18:53:08,308 - Final Accuracy -> Language: 0.7465, Task: 0.7746
2025-08-12 18:53:29,075 - Model: falcon7b; Classifier: KNN
2025-08-12 18:53:34,296 - Final Accuracy -> Language: 0.9718, Task: 0.7606
2025-08-12 18:55:54,875 - Model: falcon11b; Classifier: KNN
2025-08-12 18:56:04,158 - Final Accuracy -> Language: 1.0000, Task: 0.7606
2025-08-12 18:57:36,939 - Model: falcon40b; Classifier: KNN
2025-08-12 18:57:43,017 - Final Accuracy -> Language: 0.9718, Task: 0.7183
2025-08-12 18:59:06,327 - Model: llama7b; Classifier: KNN
2025-08-12 18:59:13,046 - Final Accuracy -> Language: 0.9859, Task: 0.7465
2025-08-12 19:01:50,547 - Model: llama8b; Classifier: KNN
2025-08-12 19:01:55,907 - Final Accuracy -> Language: 1.0000, Task: 0.8028
2025-08-12 19:02:34,429 - Model: llama13b; Classifier: KNN
2025-08-12 19:02:45,422 - Final Accuracy -> Language: 1.0000, Task: 0.7606
2025-08-12 19:03:00,251 - Model: bert; Classifier: SVM
2025-08-12 19:03:34,603 - Final Accuracy -> Language: 1.0000, Task: 0.9859
2025-08-12 19:04:05,407 - Model: gpt; Classifier: SVM
2025-08-12 19:06:10,154 - Final Accuracy -> Language: 0.8592, Task: 0.9296
2025-08-12 19:06:19,311 - Model: roberta; Classifier: SVM
2025-08-12 19:07:05,496 - Final Accuracy -> Language: 1.0000, Task: 0.9718
2025-08-12 19:07:42,148 - Model: falcon7b; Classifier: SVM
2025-08-12 19:21:34,476 - Final Accuracy -> Language: 1.0000, Task: 0.9859
2025-08-12 19:21:44,672 - Model: falcon11b; Classifier: SVM
2025-08-12 19:26:29,795 - Final Accuracy -> Language: 1.0000, Task: 1.0000
2025-08-12 19:28:15,673 - Model: falcon40b; Classifier: SVM
2025-08-12 19:41:02,943 - Final Accuracy -> Language: 1.0000, Task: 1.0000
2025-08-12 19:42:29,815 - Model: llama7b; Classifier: SVM
2025-08-12 19:46:25,711 - Final Accuracy -> Language: 1.0000, Task: 1.0000
2025-08-12 19:48:53,763 - Model: llama8b; Classifier: SVM
2025-08-12 19:52:02,583 - Final Accuracy -> Language: 1.0000, Task: 1.0000
2025-08-12 19:53:09,256 - Model: llama13b; Classifier: SVM
2025-08-12 19:56:39,057 - Final Accuracy -> Language: 1.0000, Task: 1.0000
2025-08-12 19:57:49,736 - Model: bert; Classifier: KNN
2025-08-12 19:57:59,708 - Final Accuracy -> Language: 0.8594, Task: 0.7969
2025-08-12 19:59:11,401 - Model: gpt; Classifier: KNN
2025-08-12 19:59:12,222 - Final Accuracy -> Language: 0.5781, Task: 0.5312
2025-08-12 20:00:22,220 - Model: roberta; Classifier: KNN
2025-08-12 20:00:22,461 - Final Accuracy -> Language: 0.8125, Task: 0.7031
2025-08-12 20:01:18,946 - Model: falcon7b; Classifier: KNN
2025-08-12 20:01:26,873 - Final Accuracy -> Language: 0.8906, Task: 0.7500
2025-08-12 20:01:46,125 - Model: falcon11b; Classifier: KNN
2025-08-12 20:01:57,985 - Final Accuracy -> Language: 0.9062, Task: 0.7812
